// Jest Snapshot v1, https://goo.gl/fbAQLP

exports[`renders component 1`] = `
<Fragment>
  <Nav />
  <styled.div>
    <styled.div>
      <Text>
        Made by 
        <a
          href="https://github.com/mcclowes"
        >
          @mcclowes
        </a>
      </Text>
    </styled.div>
  </styled.div>
</Fragment>
`;
