// Jest Snapshot v1, https://goo.gl/fbAQLP

exports[`Button renders component 1`] = `
<csx__ButtonWrapper
  theme={
    Object {
      "colors": Object {
        "alt": "#888",
        "primary": "#aaa",
      },
      "sizes": Object {
        "border": Object {
          "radius": "3px",
        },
      },
    }
  }
  to="/"
>
  Default Button
</csx__ButtonWrapper>
`;
