// Jest Snapshot v1, https://goo.gl/fbAQLP

exports[`renders component 1`] = `
<Fragment>
  <Nav />
  <styled.div>
    <styled.div>
      <SmartContainer>
        <Text>
          Hello World!
        </Text>
      </SmartContainer>
      <Dumb>
        <Text>
          Make changes as you wish
        </Text>
      </Dumb>
    </styled.div>
  </styled.div>
</Fragment>
`;
