// Jest Snapshot v1, https://goo.gl/fbAQLP

exports[`Icon renders as expected 1`] = `
<csx__IconWrapper
  focusable="false"
  theme={
    Object {
      "colors": Object {
        "black": "#333",
      },
    }
  }
  viewBox="0 0 32 32"
>
  <path
    d="M16.35,21.34L16.35,21.34l-2.83,2.83l-2.83-2.83l-6.36-6.36l2.83-2.83l6.36,6.36L24.84,7.2l2.83,2.83L16.35,21.34z"
  />
</csx__IconWrapper>
`;
