// Jest Snapshot v1, https://goo.gl/fbAQLP

exports[`Smart renders default component 1`] = `
<styled.div>
  <styled.div>
    <Button
      doClick={[Function]}
      text="Click me"
    />
    <Padded
      space="p3"
    >
      <styled.p>
        Not active
      </styled.p>
    </Padded>
  </styled.div>
</styled.div>
`;
