// Jest Snapshot v1, https://goo.gl/fbAQLP

exports[`Smart renders default component 1`] = `
<csx__SmartWrapper>
  <csx__SmartContent>
    <Button
      doClick={[Function]}
      text="Click me"
    />
    <Padded
      space="p3"
    >
      <csx__Meta
        theme={
          Object {
            "colors": Object {
              "gray": "#aaaaaa",
            },
          }
        }
      >
        Not active
      </csx__Meta>
    </Padded>
  </csx__SmartContent>
</csx__SmartWrapper>
`;
